{"log":"{ \"timestamp\": \"2021-10-04T14:22:27.979+0000\", \"severity\": \"INFO\", \"thread\": \"http-nio-8080-exec-672\", \"logger\": \"com.feingoldtech.server.feed.group.DynamicFeedGroup\", \"stack\": \"\", \"host\": \"sc3-serve-584b9bc6fd-b5rcz\", \"instanceId\": \"\", \"version\": \"\", \"userId\": \"jBOBgwj59hZi6wZK_auGpniPcv0oCU9KDuC5ZzoTHXJ8t-_1ZoetV7np3xGUe79s-COPi66W6u-FpWVfLwlaRA\", \"clientApp\": \"RealGreen/2.21.0/iOS\", \"session\": \"20211004T142224604Z87583e1c67be4\", \"flowid\": \"sc3serve-8d8a5ce9-17ba-413b-9b8c-945a3a531514\", \"message\": \"getFirstPage returned 0 items. curr:null, next:https://api.sharecare.com/programs-api/realage/feedItemHook?ssoId=42178d93-9805-43b0-b388-6a2f88bd3b70&size=0&startAt=0, prev:https://api.sharecare.com/programs-api/realage/feedItemHook?ssoId=42178d93-9805-43b0-b388-6a2f88bd3b70&size=0&astartAt=0\" }\n","stream":"stdout","docker":{"container_id":"65ece1e26451f73bb2e7d1a8d745e3687d9a99f28136a5b1dd67f929cbabacc2"},"kubernetes":{"container_name":"sc3-serve","namespace_name":"prod","pod_name":"sc3-serve-584b9bc6fd-b5rcz","container_image":"nexus.admin.sharecare.com/sc3-serve:3.18.789-increase-boot-timeout-hotfix-2-4689","container_image_id":"docker-pullable://nexus.admin.sharecare.com/sc3-serve@sha256:31b1f03e5769f1674f8f861ff58c8ca47c106ccd38af030f69277e3b69b4e7be","pod_id":"8612e3c0-2f98-44f1-be97-ed85e16b9b83","host":"ip-172-20-9-185.ec2.internal","labels":{"app":"sc3-serve","env":"prod","maestro":"true","maestro_app_version":"3.18.789-increase-boot-timeout-hotfix-2","maestro_ci_build":"4689","pod-template-hash":"584b9bc6fd","team":"default"},"master_url":"https://10.100.0.1:443/api","namespace_id":"1d07b2a1-dd74-493a-8fee-a6aa91d26744","namespace_labels":{"app_kubernetes_io/instance":"namespaces"}}}
